<?xml version="1.0" encoding="UTF-8"?>
<note>
  <body>Don't forget me this weekend!</body>
  <date>2015-09-01</date>
  <from>Jani</from>
  <hour>08:30</hour>
  <to>Tove</to>
</note>