---
book:
  - 0:
    author: "Herbert Schildt"
    edition: "third"
    id: "01"
    language: "Java"
  - 1:
    author: "E.Balagurusamy"
    edition: "second"
    id: "07"
    language: "C++"